{"ts":"2026-03-25T01:32:33.242Z","bjTime":"2026-03-25 09:32:33","type":"MARKET_REGIME","symbol":"","name":"","message":"熊市环境，停止新开仓"}
{"ts":"2026-03-25T01:50:45.217Z","bjTime":"2026-03-25 09:50:45","type":"MARKET_REGIME","symbol":"","name":"","message":"熊市环境，停止新开仓"}
{"ts":"2026-03-25T02:06:26.715Z","bjTime":"2026-03-25 10:06:26","type":"MARKET_REGIME","symbol":"","name":"","message":"熊市环境，停止新开仓"}
{"ts":"2026-03-25T02:16:21.499Z","bjTime":"2026-03-25 10:16:21","type":"MARKET_REGIME","symbol":"","name":"","message":"熊市环境，停止新开仓"}
{"ts":"2026-03-25T02:19:31.796Z","bjTime":"2026-03-25 10:19:31","type":"MARKET_REGIME","symbol":"","name":"","message":"熊市环境，停止新开仓"}
{"ts":"2026-03-25T02:22:42.563Z","bjTime":"2026-03-25 10:22:42","type":"MARKET_REGIME","symbol":"","name":"","message":"熊市环境，停止新开仓"}
{"ts":"2026-03-25T02:25:53.690Z","bjTime":"2026-03-25 10:25:53","type":"MARKET_REGIME","symbol":"","name":"","message":"熊市环境，停止新开仓"}
{"ts":"2026-03-25T02:28:28.989Z","bjTime":"2026-03-25 10:28:28","type":"MARKET_REGIME","symbol":"","name":"","message":"熊市环境，停止新开仓"}
{"ts":"2026-03-25T02:33:09.494Z","bjTime":"2026-03-25 10:33:09","type":"MARKET_REGIME","symbol":"","name":"","message":"熊市环境，停止新开仓"}
{"ts":"2026-03-25T02:40:40.203Z","bjTime":"2026-03-25 10:40:40","type":"MARKET_REGIME","symbol":"","name":"","message":"熊市环境，停止新开仓"}
{"ts":"2026-03-25T02:41:40.829Z","bjTime":"2026-03-25 10:41:40","type":"SELL_PROFIT","symbol":"sz000815","name":"美利云","message":"卖出 97000股 @21.099 盈亏2.32% (手动卖出)"}
{"ts":"2026-03-25T02:45:55.351Z","bjTime":"2026-03-25 10:45:55","type":"MARKET_REGIME","symbol":"","name":"","message":"熊市环境，提高入场门槛，仓位减半"}
{"ts":"2026-03-25T02:54:01.044Z","bjTime":"2026-03-25 10:54:01","type":"MARKET_REGIME","symbol":"","name":"","message":"熊市环境，提高入场门槛，仓位减半"}
{"ts":"2026-03-25T02:59:20.906Z","bjTime":"2026-03-25 10:59:20","type":"MARKET_REGIME","symbol":"","name":"","message":"熊市环境，提高入场门槛，仓位减半"}
{"ts":"2026-03-25T03:16:55.928Z","bjTime":"2026-03-25 11:16:55","type":"MARKET_REGIME","symbol":"","name":"","message":"熊市环境，提高入场门槛，仓位减半"}
{"ts":"2026-03-25T03:28:39.586Z","bjTime":"2026-03-25 11:28:39","type":"MARKET_REGIME","symbol":"","name":"","message":"熊市环境，提高入场门槛，仓位减半"}
{"ts":"2026-03-25T05:06:33.017Z","bjTime":"2026-03-25 13:06:33","type":"MARKET_REGIME","symbol":"","name":"","message":"熊市环境，提高入场门槛，仓位减半"}
{"ts":"2026-03-25T05:59:10.416Z","bjTime":"2026-03-25 13:59:10","type":"SELL_PROFIT","symbol":"sz001258","name":"立新能源","message":"卖出 179300股 @11.878 盈亏6.42% (手动卖出)"}
{"ts":"2026-03-25T06:05:52.613Z","bjTime":"2026-03-25 14:05:52","type":"MARKET_REGIME","symbol":"","name":"","message":"熊市环境，提高入场门槛，仓位减半"}
{"ts":"2026-03-25T06:19:25.719Z","bjTime":"2026-03-25 14:19:25","type":"MARKET_REGIME","symbol":"","name":"","message":"熊市环境，提高入场门槛，仓位减半"}
{"ts":"2026-03-25T06:20:38.622Z","bjTime":"2026-03-25 14:20:38","type":"BUY","symbol":"sz000767","name":"晋控电力","message":"买入 119600股 @4.184 (策略信号(综合76.2分,市场BEAR))"}
{"ts":"2026-03-25T06:21:26.472Z","bjTime":"2026-03-25 14:21:26","type":"MARKET_REGIME","symbol":"","name":"","message":"熊市环境，提高入场门槛，仓位减半"}
{"ts":"2026-03-25T06:26:43.104Z","bjTime":"2026-03-25 14:26:43","type":"MARKET_REGIME","symbol":"","name":"","message":"熊市环境，提高入场门槛，仓位减半"}
{"ts":"2026-03-25T06:27:59.249Z","bjTime":"2026-03-25 14:27:59","type":"MARKET_REGIME","symbol":"","name":"","message":"熊市环境，提高入场门槛，仓位减半"}
{"ts":"2026-03-25T06:36:13.635Z","bjTime":"2026-03-25 14:36:13","type":"BUY","symbol":"sh600539","name":"狮头股份","message":"买入 38900股 @12.853 (策略信号(综合71.2分,市场BEAR))"}
{"ts":"2026-03-25T06:44:48.649Z","bjTime":"2026-03-25 14:44:48","type":"MARKET_REGIME","symbol":"","name":"","message":"熊市环境，提高入场门槛，仓位减半"}
{"ts":"2026-03-25T06:45:14.767Z","bjTime":"2026-03-25 14:45:14","type":"SELL_PROFIT","symbol":"sh603105","name":"芯能科技","message":"卖出 149300股 @13.736 盈亏2.48% (手动卖出)"}
{"ts":"2026-03-25T06:55:40.528Z","bjTime":"2026-03-25 14:55:40","type":"MARKET_REGIME","symbol":"","name":"","message":"熊市环境，提高入场门槛，仓位减半"}
{"ts":"2026-03-26T01:33:02.931Z","bjTime":"2026-03-26 09:33:02","type":"BUY","symbol":"sh603538","name":"美诺华","message":"买入 14100股 @35.335 (策略信号(综合68.8分,市场BEAR))"}
{"ts":"2026-03-26T01:34:14.337Z","bjTime":"2026-03-26 09:34:14","type":"BUY","symbol":"sz000722","name":"湖南发展","message":"买入 41500股 @18.068 (策略信号(综合81.6分,市场BEAR))"}
{"ts":"2026-03-26T01:44:10.694Z","bjTime":"2026-03-26 09:44:10","type":"BUY","symbol":"sz000993","name":"闽东电力","message":"买入 29400股 @17.007 (策略信号(综合79.0分,市场BEAR))"}
{"ts":"2026-03-27T01:39:58.815Z","bjTime":"2026-03-27 09:39:58","type":"SELL_PROFIT","symbol":"sz000767","name":"晋控电力","message":"卖出 119600股 @5.085 盈亏21.53% (止盈21.65%(无当日数据))"}
{"ts":"2026-03-27T01:39:58.817Z","bjTime":"2026-03-27 09:39:58","type":"SELL_LOSS","symbol":"sz000993","name":"闽东电力","message":"卖出 29400股 @15.744 盈亏-7.42% (止损-7.33%)"}
{"ts":"2026-03-27T01:39:58.817Z","bjTime":"2026-03-27 09:39:58","type":"BUY","symbol":"sz000037","name":"深南电A","message":"买入 57900股 @12.963 (策略信号(综合82.6分,市场BEAR))"}
{"ts":"2026-03-27T01:39:58.818Z","bjTime":"2026-03-27 09:39:58","type":"BUY","symbol":"sh600666","name":"奥瑞德","message":"买入 127100股 @5.906 (策略信号(综合80.8分,市场BEAR))"}
{"ts":"2026-03-27T02:52:45.539Z","bjTime":"2026-03-27 10:52:45","type":"SELL_LOSS","symbol":"sz000722","name":"湖南发展","message":"卖出 41500股 @17.113 盈亏-5.29% (止损-5.19%)"}
{"ts":"2026-03-27T02:52:45.542Z","bjTime":"2026-03-27 10:52:45","type":"BUY","symbol":"sz001367","name":"海森药业","message":"买入 29200股 @25.656 (策略信号(综合82.4分,市场BEAR))"}
{"ts":"2026-03-30T01:31:10.032Z","bjTime":"2026-03-30 09:31:10","type":"SELL_PROFIT","symbol":"sh600539","name":"狮头股份","message":"卖出 38900股 @15.455 盈亏20.24% (止盈20.36%(无当日数据))"}
{"ts":"2026-03-30T01:31:10.035Z","bjTime":"2026-03-30 09:31:10","type":"SELL_PROFIT","symbol":"sh603538","name":"美诺华","message":"卖出 14100股 @43.057 盈亏21.85% (止盈21.97%(无当日数据))"}
{"ts":"2026-03-30T01:31:10.036Z","bjTime":"2026-03-30 09:31:10","type":"SELL_LOSS","symbol":"sz000037","name":"深南电A","message":"卖出 57900股 @12.008 盈亏-7.37% (止损-7.27%)"}
{"ts":"2026-03-30T01:33:29.199Z","bjTime":"2026-03-30 09:33:29","type":"BUY","symbol":"sz000720","name":"新能泰山","message":"买入 86300股 @5.796 (策略信号(综合71.2分,市场BEAR))"}
{"ts":"2026-03-30T01:38:07.502Z","bjTime":"2026-03-30 09:38:07","type":"SELL_LOSS","symbol":"sh600666","name":"奥瑞德","message":"卖出 127100股 @5.584 盈亏-5.44% (止损-5.35%)"}
{"ts":"2026-03-30T02:18:35.223Z","bjTime":"2026-03-30 10:18:35","type":"BUY","symbol":"sh600844","name":"金煤科技","message":"买入 92000股 @5.435 (策略信号(综合71.6分,市场BEAR))"}
{"ts":"2026-03-30T02:32:27.584Z","bjTime":"2026-03-30 10:32:27","type":"BUY","symbol":"sh600539","name":"狮头股份","message":"买入 64500股 @15.515 (策略信号(综合88.6分,市场BEAR))"}
{"ts":"2026-03-30T03:06:56.774Z","bjTime":"2026-03-30 11:06:56","type":"BUY","symbol":"sh600666","name":"奥瑞德","message":"买入 78800股 @6.346 (策略信号(综合76.2分,市场BEAR))"}
{"ts":"2026-03-30T03:15:34.428Z","bjTime":"2026-03-30 11:15:34","type":"MARKET_REGIME","symbol":"","name":"","message":"熊市环境，提高入场门槛，仓位减半"}
{"ts":"2026-03-31T01:34:43.478Z","bjTime":"2026-03-31 09:34:43","type":"SELL_LOSS","symbol":"sz000720","name":"新能泰山","message":"卖出 86300股 @4.775 盈亏-17.61% (止损-17.53%)"}
{"ts":"2026-03-31T01:34:43.479Z","bjTime":"2026-03-31 09:34:43","type":"SELL_LOSS","symbol":"sh600666","name":"奥瑞德","message":"卖出 78800股 @6.074 盈亏-4.29% (止损-4.20%)"}
{"ts":"2026-03-31T01:34:43.480Z","bjTime":"2026-03-31 09:34:43","type":"MARKET_REGIME","symbol":"","name":"","message":"熊市环境，提高入场门槛，仓位减半"}
{"ts":"2026-03-31T01:40:29.658Z","bjTime":"2026-03-31 09:40:29","type":"SELL_LOSS","symbol":"sh600844","name":"金煤科技","message":"卖出 92000股 @5.205 盈亏-4.24% (止损-4.15%)"}
{"ts":"2026-03-31T02:20:51.580Z","bjTime":"2026-03-31 10:20:51","type":"SELL_LOSS","symbol":"sz001367","name":"海森药业","message":"卖出 29200股 @25.644 盈亏-0.04% (手动卖出)"}
{"ts":"2026-03-31T02:20:55.728Z","bjTime":"2026-03-31 10:20:55","type":"SELL_LOSS","symbol":"sh600539","name":"狮头股份","message":"卖出 64500股 @15.195 盈亏-2.07% (手动卖出)"}
{"ts":"2026-03-31T02:24:54.482Z","bjTime":"2026-03-31 10:24:54","type":"MARKET_REGIME","symbol":"","name":"","message":"熊市环境，提高入场门槛，仓位减半"}
{"ts":"2026-03-31T02:30:29.304Z","bjTime":"2026-03-31 10:30:29","type":"MARKET_REGIME","symbol":"","name":"","message":"熊市环境，提高入场门槛，仓位减半"}
{"ts":"2026-03-31T02:33:53.020Z","bjTime":"2026-03-31 10:33:53","type":"MARKET_REGIME","symbol":"","name":"","message":"熊市环境，提高入场门槛，仓位减半"}
{"ts":"2026-03-31T02:34:13.392Z","bjTime":"2026-03-31 10:34:13","type":"BUY","symbol":"sh603017","name":"中衡设计","message":"买入 117500股 @17.037 (手动买入)"}
{"ts":"2026-03-31T02:36:42.638Z","bjTime":"2026-03-31 10:36:42","type":"MARKET_REGIME","symbol":"","name":"","message":"熊市环境，提高入场门槛，仓位减半"}
{"ts":"2026-03-31T02:38:58.887Z","bjTime":"2026-03-31 10:38:58","type":"MARKET_REGIME","symbol":"","name":"","message":"熊市环境，提高入场门槛，仓位减半"}
{"ts":"2026-03-31T02:46:54.574Z","bjTime":"2026-03-31 10:46:54","type":"MARKET_REGIME","symbol":"","name":"","message":"熊市环境，提高入场门槛，仓位减半"}
{"ts":"2026-03-31T02:48:23.558Z","bjTime":"2026-03-31 10:48:23","type":"BUY","symbol":"sz000995","name":"皇台酒业","message":"买入 13000股 @15.345 (手动买入)"}
{"ts":"2026-03-31T02:59:18.984Z","bjTime":"2026-03-31 10:59:18","type":"BUY","symbol":"sh600343","name":"航天动力","message":"买入 11400股 @35.105 (手动买入)"}
{"ts":"2026-04-01T01:37:13.460Z","bjTime":"2026-04-01 09:37:13","type":"SELL_LOSS","symbol":"sh603017","name":"中衡设计","message":"卖出 117500股 @15.994 盈亏-6.12% (卖出紧迫度100: 止损(-6.03%))"}
{"ts":"2026-04-01T01:37:13.463Z","bjTime":"2026-04-01 09:37:13","type":"SELL_LOSS","symbol":"sz000995","name":"皇台酒业","message":"卖出 13000股 @14.146 盈亏-7.82% (卖出紧迫度100: 止损(-7.72%))"}
{"ts":"2026-04-01T01:38:22.974Z","bjTime":"2026-04-01 09:38:22","type":"SELL_LOSS","symbol":"sh600343","name":"航天动力","message":"卖出 11400股 @33.636 盈亏-4.18% (卖出紧迫度100: 止损(-4.09%))"}
{"ts":"2026-04-01T05:40:02.481Z","bjTime":"2026-04-01 13:40:02","type":"BUY","symbol":"sh600563","name":"法拉电子","message":"买入 12200股 @131.191 (置信度MEDIUM(综合76.5分,综合76.5分≥70,历史88分≥60,MACD修复,温和承接))"}
{"ts":"2026-04-01T05:40:02.483Z","bjTime":"2026-04-01 13:40:02","type":"BUY","symbol":"sz000545","name":"金浦钛业","message":"买入 347800股 @3.223 (置信度MEDIUM(综合74.5分,综合74.5分≥70,历史91分≥60))"}
{"ts":"2026-04-01T05:49:17.004Z","bjTime":"2026-04-01 13:49:17","type":"BUY","symbol":"sh600641","name":"先导基电","message":"买入 106700股 @18.759 (置信度HIGH(综合82.5分,综合82.5分≥78,历史95分≥68,回撤到位,接近MA20,MACD修复))"}
{"ts":"2026-04-01T05:49:17.006Z","bjTime":"2026-04-01 13:49:17","type":"BUY","symbol":"sz000727","name":"冠捷科技","message":"买入 606000股 @2.643 (置信度MEDIUM(综合74.5分,综合74.5分≥70,历史85分≥60,接近MA20,RSI低位,MACD修复,温和承接))"}
{"ts":"2026-04-01T05:49:17.006Z","bjTime":"2026-04-01 13:49:17","type":"BUY","symbol":"sh600732","name":"爱旭股份","message":"买入 110300股 @14.514 (置信度MEDIUM(综合73.5分,综合73.5分≥70,历史87分≥60,接近MA20,RSI低位,温和承接))"}
{"ts":"2026-04-02T02:05:30.415Z","bjTime":"2026-04-02 10:05:30","type":"PORTFOLIO_RISK","symbol":"","name":"","message":"组合回撤5.06%超过5%，停止新开仓"}
{"ts":"2026-04-02T02:08:49.864Z","bjTime":"2026-04-02 10:08:49","type":"PORTFOLIO_RISK","symbol":"","name":"","message":"组合回撤5.12%超过5%，停止新开仓"}
{"ts":"2026-04-02T02:40:14.732Z","bjTime":"2026-04-02 10:40:14","type":"PORTFOLIO_RISK","symbol":"","name":"","message":"组合回撤5.74%超过5%，停止新开仓"}
{"ts":"2026-04-02T02:44:46.050Z","bjTime":"2026-04-02 10:44:46","type":"PORTFOLIO_RISK","symbol":"","name":"","message":"组合回撤5.70%超过5%，停止新开仓"}
{"ts":"2026-04-02T03:19:24.188Z","bjTime":"2026-04-02 11:19:24","type":"SELL_LOSS","symbol":"sz000545","name":"金浦钛业","message":"卖出 347800股 @3.057 盈亏-5.16% (卖出紧迫度100: 止损(-5.06%))"}
{"ts":"2026-04-02T05:33:30.913Z","bjTime":"2026-04-02 13:33:30","type":"SELL_LOSS","symbol":"sh600563","name":"法拉电子","message":"卖出 12200股 @123.926 盈亏-5.54% (卖出紧迫度100: 止损(-5.44%))"}
{"ts":"2026-04-02T05:33:30.915Z","bjTime":"2026-04-02 13:33:30","type":"SELL_LOSS","symbol":"sh600641","name":"先导基电","message":"卖出 106700股 @17.682 盈亏-5.74% (卖出紧迫度100: 止损(-5.64%))"}
{"ts":"2026-04-03T01:32:37.277Z","bjTime":"2026-04-03 09:32:37","type":"PORTFOLIO_RISK","symbol":"","name":"","message":"组合回撤6.86%超过5%，停止新开仓"}
{"ts":"2026-04-03T06:32:19.722Z","bjTime":"2026-04-03 14:32:19","type":"PORTFOLIO_RISK","symbol":"","name":"","message":"组合回撤7.19%超过5%，停止新开仓"}
{"ts":"2026-04-03T06:35:37.985Z","bjTime":"2026-04-03 14:35:37","type":"PORTFOLIO_RISK","symbol":"","name":"","message":"组合回撤7.19%超过5%，停止新开仓"}
{"ts":"2026-04-03T06:42:44.823Z","bjTime":"2026-04-03 14:42:44","type":"PORTFOLIO_RISK","symbol":"","name":"","message":"组合回撤7.27%超过5%，停止新开仓"}
{"ts":"2026-04-03T06:48:53.979Z","bjTime":"2026-04-03 14:48:53","type":"PORTFOLIO_RISK","symbol":"","name":"","message":"组合回撤7.26%超过5%，停止新开仓"}
{"ts":"2026-04-03T06:51:33.808Z","bjTime":"2026-04-03 14:51:33","type":"PORTFOLIO_RISK","symbol":"","name":"","message":"组合回撤7.21%超过5%，停止新开仓"}
{"ts":"2026-04-06T01:57:52.032Z","bjTime":"2026-04-06 09:57:52","type":"PORTFOLIO_RISK","symbol":"","name":"","message":"组合回撤7.27%超过5%，停止新开仓"}
{"ts":"2026-04-06T01:57:52.036Z","bjTime":"2026-04-06 09:57:52","type":"SELL_LOSS","symbol":"sz000727","name":"冠捷科技","message":"卖出 606000股 @2.517 盈亏-4.74% (卖出紧迫度100: 止损(-4.64%))"}
{"ts":"2026-04-06T01:57:52.037Z","bjTime":"2026-04-06 09:57:52","type":"SELL_LOSS","symbol":"sh600732","name":"爱旭股份","message":"卖出 110300股 @13.886 盈亏-4.33% (卖出紧迫度100: 止损(-4.23%))"}
{"ts":"2026-04-07T03:12:13.263Z","bjTime":"2026-04-07 11:12:13","type":"PORTFOLIO_RISK","symbol":"","name":"","message":"组合回撤7.31%超过5%，停止新开仓"}
{"ts":"2026-04-07T03:20:29.351Z","bjTime":"2026-04-07 11:20:29","type":"PORTFOLIO_RISK","symbol":"","name":"","message":"组合回撤7.31%超过5%，进入空仓恢复模式"}
{"ts":"2026-04-07T03:29:12.142Z","bjTime":"2026-04-07 11:29:12","type":"PORTFOLIO_RISK","symbol":"","name":"","message":"组合回撤7.31%超过5%，进入空仓恢复模式"}
{"ts":"2026-04-07T05:42:05.819Z","bjTime":"2026-04-07 13:42:05","type":"PORTFOLIO_RISK","symbol":"","name":"","message":"组合回撤7.31%超过5%，进入空仓恢复模式"}
{"ts":"2026-04-07T06:43:37.806Z","bjTime":"2026-04-07 14:43:37","type":"PORTFOLIO_RISK","symbol":"","name":"","message":"组合回撤7.31%超过5%，进入空仓恢复模式"}
{"ts":"2026-04-07T06:47:44.224Z","bjTime":"2026-04-07 14:47:44","type":"PORTFOLIO_RISK","symbol":"","name":"","message":"组合回撤7.31%超过5%，进入空仓恢复模式"}
{"ts":"2026-04-07T06:50:40.408Z","bjTime":"2026-04-07 14:50:40","type":"PORTFOLIO_RISK","symbol":"","name":"","message":"组合回撤7.31%超过5%，进入空仓恢复模式"}
{"ts":"2026-04-08T01:38:43.580Z","bjTime":"2026-04-08 09:38:43","type":"PORTFOLIO_RISK","symbol":"","name":"","message":"组合回撤7.31%超过5%，进入空仓恢复模式"}
{"ts":"2026-04-08T02:12:01.499Z","bjTime":"2026-04-08 10:12:01","type":"PORTFOLIO_RISK","symbol":"","name":"","message":"组合回撤7.31%超过5%，进入空仓恢复模式"}
{"ts":"2026-04-08T02:15:36.681Z","bjTime":"2026-04-08 10:15:36","type":"PORTFOLIO_RISK","symbol":"","name":"","message":"组合回撤7.31%超过5%，进入空仓恢复模式"}
{"ts":"2026-04-08T02:35:17.296Z","bjTime":"2026-04-08 10:35:17","type":"PORTFOLIO_RISK","symbol":"","name":"","message":"组合回撤7.31%超过5%，进入空仓恢复模式"}
{"ts":"2026-04-08T02:46:13.524Z","bjTime":"2026-04-08 10:46:13","type":"PORTFOLIO_RISK","symbol":"","name":"","message":"组合回撤7.31%超过5%，进入空仓恢复模式"}
{"ts":"2026-04-08T02:48:43.666Z","bjTime":"2026-04-08 10:48:43","type":"PORTFOLIO_RISK","symbol":"","name":"","message":"组合回撤7.31%超过5%，进入空仓恢复模式"}
{"ts":"2026-04-08T02:52:44.201Z","bjTime":"2026-04-08 10:52:44","type":"PORTFOLIO_RISK","symbol":"","name":"","message":"组合回撤7.31%超过5%，进入空仓恢复模式"}
{"ts":"2026-04-08T02:52:44.202Z","bjTime":"2026-04-08 10:52:44","type":"BUY","symbol":"sh603220","name":"中贝通信","message":"买入 11600股 @27.037 (置信度HIGH(综合80.9分,延续日分99分≥68,历史71分≥60,综合85分≥54,MACD修复,趋势贴近前高,10日仍在抬升,MACD修复中,强势放量))"}
{"ts":"2026-04-08T03:16:00.349Z","bjTime":"2026-04-08 11:16:00","type":"PORTFOLIO_RISK","symbol":"","name":"","message":"组合回撤7.29%超过5%，停止新开仓"}
{"ts":"2026-04-08T06:10:36.269Z","bjTime":"2026-04-08 14:10:36","type":"PORTFOLIO_RISK","symbol":"","name":"","message":"组合回撤7.28%超过5%，停止新开仓"}
{"ts":"2026-04-08T06:14:10.570Z","bjTime":"2026-04-08 14:14:10","type":"PORTFOLIO_RISK","symbol":"","name":"","message":"组合回撤7.27%超过5%，停止新开仓"}
{"ts":"2026-04-08T06:46:11.801Z","bjTime":"2026-04-08 14:46:11","type":"PORTFOLIO_RISK","symbol":"","name":"","message":"组合回撤7.27%超过5%，停止新开仓"}
{"ts":"2026-04-09T02:12:00.697Z","bjTime":"2026-04-09 10:12:00","type":"SELL_LOSS","symbol":"sh603220","name":"中贝通信","message":"卖出 11600股 @27.033 盈亏-0.02% (卖出紧迫度115: 强势失效(由continuation降为rejected),评分下跌(0分<81))"}
{"ts":"2026-04-09T02:22:46.042Z","bjTime":"2026-04-09 10:22:46","type":"PORTFOLIO_RISK","symbol":"","name":"","message":"组合回撤7.31%超过5%，进入空仓恢复模式"}
{"ts":"2026-04-09T02:30:23.767Z","bjTime":"2026-04-09 10:30:23","type":"PORTFOLIO_RISK","symbol":"","name":"","message":"组合回撤7.31%超过5%，进入空仓恢复模式"}
{"ts":"2026-04-09T02:30:23.769Z","bjTime":"2026-04-09 10:30:23","type":"BUY","symbol":"sh603063","name":"禾望电气","message":"买入 9500股 @32.953 (置信度HIGH(综合81.9分,延续日分89分≥68,历史78分≥60,综合81.88分≥54,回撤到位,RSI低位,MACD修复,延续不过热,趋势贴近前高,10日仍在抬升,MACD修复中,强势放量))"}
{"ts":"2026-04-09T02:34:12.157Z","bjTime":"2026-04-09 10:34:12","type":"PORTFOLIO_RISK","symbol":"","name":"","message":"组合回撤7.32%超过5%，停止新开仓"}
{"ts":"2026-04-10T02:00:33.454Z","bjTime":"2026-04-10 10:00:33","type":"PORTFOLIO_RISK","symbol":"","name":"","message":"组合回撤7.28%超过5%，停止新开仓"}
{"ts":"2026-04-10T02:00:33.459Z","bjTime":"2026-04-10 10:00:33","type":"SELL_PROFIT","symbol":"sh603063","name":"禾望电气","message":"卖出 9500股 @33.247 盈亏0.89% (卖出紧迫度115: 强势失效(由continuation降为rejected),评分下跌(0分<80))"}
{"ts":"2026-04-10T02:17:49.552Z","bjTime":"2026-04-10 10:17:49","type":"PORTFOLIO_RISK","symbol":"","name":"","message":"组合回撤7.28%超过5%，进入空仓恢复模式"}
{"ts":"2026-04-10T06:24:29.039Z","bjTime":"2026-04-10 14:24:29","type":"PORTFOLIO_RISK","symbol":"","name":"","message":"组合回撤7.28%超过5%，进入空仓恢复模式"}
{"ts":"2026-04-10T06:28:35.416Z","bjTime":"2026-04-10 14:28:35","type":"PORTFOLIO_RISK","symbol":"","name":"","message":"组合回撤7.28%超过5%，进入空仓恢复模式"}
{"ts":"2026-04-10T06:30:54.470Z","bjTime":"2026-04-10 14:30:54","type":"PORTFOLIO_RISK","symbol":"","name":"","message":"组合回撤7.28%超过5%，进入空仓恢复模式"}
{"ts":"2026-04-10T06:34:52.560Z","bjTime":"2026-04-10 14:34:52","type":"PORTFOLIO_RISK","symbol":"","name":"","message":"组合回撤7.28%超过5%，进入空仓恢复模式"}
{"ts":"2026-04-10T06:34:52.563Z","bjTime":"2026-04-10 14:34:52","type":"BUY","symbol":"sh605305","name":"中际联合","message":"买入 5400股 @43.263 (置信度HIGH(综合86.4分,二阶延续日分100分≥96,历史79分≥64,综合86.41分≥76,回撤到位,MACD修复,温和承接,延续不过热,趋势贴近前高,10日仍在抬升,MACD修复中))"}
{"ts":"2026-04-13T02:15:23.681Z","bjTime":"2026-04-13 10:15:23","type":"PORTFOLIO_RISK","symbol":"","name":"","message":"组合回撤7.15%超过5%，停止新开仓"}
{"ts":"2026-04-13T02:55:21.293Z","bjTime":"2026-04-13 10:55:21","type":"SELL_PROFIT","symbol":"sh605305","name":"中际联合","message":"卖出 5400股 @45.045 盈亏4.12% (卖出紧迫度153: 强势失效观察(第11轮 continuation->observation,价格未明显走弱),评分下跌(81分<82),强势回撤过快(最高6.05%回撤1.72%))"}
{"ts":"2026-04-13T02:59:30.503Z","bjTime":"2026-04-13 10:59:30","type":"BUY","symbol":"sh601311","name":"骆驼股份","message":"买入 31300股 @10.070 (置信度HIGH(综合84.4分,延续日分98分≥68,历史77分≥60,综合84.41分≥54,回撤到位,接近MA20,延续不过热,趋势贴近前高,10日仍在抬升,MACD修复中,强势放量))"}
{"ts":"2026-04-13T05:44:00.935Z","bjTime":"2026-04-13 13:44:00","type":"PORTFOLIO_RISK","symbol":"","name":"","message":"组合回撤7.18%超过5%，停止新开仓"}
{"ts":"2026-04-13T05:54:38.773Z","bjTime":"2026-04-13 13:54:38","type":"PORTFOLIO_RISK","symbol":"","name":"","message":"组合回撤7.18%超过5%，停止新开仓"}
{"ts":"2026-04-14T02:15:45.954Z","bjTime":"2026-04-14 10:15:45","type":"PORTFOLIO_RISK","symbol":"","name":"","message":"组合回撤7.16%超过5%，停止新开仓"}
{"ts":"2026-04-14T02:15:45.957Z","bjTime":"2026-04-14 10:15:45","type":"SELL_PROFIT","symbol":"sh601311","name":"骆驼股份","message":"卖出 31300股 @10.170 盈亏0.99% (卖出紧迫度106: 强势失效观察(第2轮 continuation->rejected,价格/评分明显走弱),评分下跌(45分<80))"}
{"ts":"2026-04-14T02:48:15.554Z","bjTime":"2026-04-14 10:48:15","type":"PORTFOLIO_RISK","symbol":"","name":"","message":"组合回撤7.16%超过5%，进入空仓恢复模式"}
{"ts":"2026-04-14T02:58:28.310Z","bjTime":"2026-04-14 10:58:28","type":"PORTFOLIO_RISK","symbol":"","name":"","message":"组合回撤7.16%超过5%，进入空仓恢复模式"}
{"ts":"2026-04-14T06:15:47.928Z","bjTime":"2026-04-14 14:15:47","type":"BUY","symbol":"sh601311","name":"骆驼股份","message":"买入 14100股 @10.190 (置信度HIGH(综合85.1分,延续日分100分≥68,历史77分≥60,综合85.12分≥54,回撤到位,接近MA20,温和承接,延续不过热,趋势贴近前高,10日仍在抬升,MACD修复中,强势放量))"}
{"ts":"2026-04-15T02:14:32.996Z","bjTime":"2026-04-15 10:14:32","type":"SELL_LOSS","symbol":"sh601311","name":"骆驼股份","message":"卖出 14100股 @10.110 盈亏-0.79% (卖出紧迫度106: 强势失效观察(第2轮 continuation->rejected,价格/评分明显走弱),评分下跌(0分<82))"}
{"ts":"2026-04-16T02:11:33.253Z","bjTime":"2026-04-16 10:11:33","type":"PORTFOLIO_RISK","symbol":"","name":"","message":"组合回撤7.18%超过5%，进入空仓恢复模式"}
{"ts":"2026-04-16T02:12:55.049Z","bjTime":"2026-04-16 10:12:55","type":"BUY","symbol":"sz000938","name":"紫光股份","message":"买入 5100股 @28.078 (置信度HIGH(综合82.5分,延续日分100分≥68,历史73分≥60,综合82.53分≥54,延续不过热,10日仍在抬升,MACD修复中,强势放量))"}
{"ts":"2026-04-16T02:12:55.050Z","bjTime":"2026-04-16 10:12:55","type":"BUY","symbol":"sh601789","name":"宁波建工","message":"买入 25200股 @5.706 (置信度HIGH(综合81.5分,延续日分97分≥68,历史73分≥60,综合81.47分≥54,回撤到位,MACD修复,延续不过热,趋势贴近前高,10日仍在抬升,强势放量))"}
{"ts":"2026-04-16T02:22:26.067Z","bjTime":"2026-04-16 10:22:26","type":"PORTFOLIO_RISK","symbol":"","name":"","message":"组合回撤7.16%超过5%，进入防守恢复模式"}
{"ts":"2026-04-16T02:46:27.465Z","bjTime":"2026-04-16 10:46:27","type":"PORTFOLIO_RISK","symbol":"","name":"","message":"组合回撤7.15%超过5%，进入防守恢复模式"}
{"ts":"2026-04-16T02:49:24.316Z","bjTime":"2026-04-16 10:49:24","type":"BUY","symbol":"sh603175","name":"超颖电子","message":"买入 3800股 @90.510 (置信度HIGH(综合85.8分,二阶延续日分100分≥96,历史78分≥64,综合85.76分≥76,MACD修复,温和承接,延续不过热,趋势贴近前高,10日仍在抬升,MACD修复中))"}
{"ts":"2026-04-17T01:34:58.635Z","bjTime":"2026-04-17 09:34:58","type":"SELL_PROFIT","symbol":"sh601789","name":"宁波建工","message":"卖出 25200股 @5.864 盈亏2.78% (卖出紧迫度106: 强势失效观察(第2轮 continuation->rejected,价格/评分明显走弱),评分下跌(45分<80))"}
{"ts":"2026-04-17T02:11:33.706Z","bjTime":"2026-04-17 10:11:33","type":"SELL_LOSS","symbol":"sz000938","name":"紫光股份","message":"卖出 5100股 @27.732 盈亏-1.23% (卖出紧迫度106: 强势失效观察(第2轮 continuation->rejected,价格/评分明显走弱),评分下跌(0分<82))"}
{"ts":"2026-04-20T02:21:37.073Z","bjTime":"2026-04-20 10:21:37","type":"PORTFOLIO_RISK","symbol":"","name":"","message":"组合回撤6.96%超过5%，进入防守恢复模式"}
{"ts":"2026-04-20T03:16:52.128Z","bjTime":"2026-04-20 11:16:52","type":"PORTFOLIO_RISK","symbol":"","name":"","message":"组合回撤6.95%超过5%，进入牛市回撤试错模式"}
{"ts":"2026-04-20T03:16:52.132Z","bjTime":"2026-04-20 11:16:52","type":"SELL_PROFIT","symbol":"sh603175","name":"超颖电子","message":"卖出 3800股 @96.104 盈亏6.15% (紧迫度192清仓: 移动止盈(最高9.06%,回撤2.54%),强势回撤过快(最高9.06%回撤2.54%),持有超时(3天))"}
{"ts":"2026-04-20T05:34:05.318Z","bjTime":"2026-04-20 13:34:05","type":"BUY","symbol":"sh603977","name":"国泰集团","message":"买入 15200股 @14.975 (置信度HIGH(综合87.7分,延续日分100分≥68,历史81分≥60,综合87.71分≥54,回撤到位,接近MA20,温和承接,趋势贴近前高,10日仍在抬升,强势放量,初始仓65%))"}
{"ts":"2026-04-20T05:57:02.906Z","bjTime":"2026-04-20 13:57:02","type":"PORTFOLIO_RISK","symbol":"","name":"","message":"组合回撤6.95%超过5%，进入防守恢复模式"}
{"ts":"2026-04-20T06:19:36.611Z","bjTime":"2026-04-20 14:19:36","type":"BUY","symbol":"sh603936","name":"博敏电子","message":"买入 10600股 @14.815 (置信度HIGH(综合76.7分,延续日分100分≥68,历史64分≥60,综合76.71分≥54,MACD修复,温和承接,延续不过热,趋势贴近前高,10日仍在抬升,MACD修复中,强势放量,初始仓45%))"}
{"ts":"2026-04-21T02:16:33.834Z","bjTime":"2026-04-21 10:16:33","type":"SELL_PROFIT","symbol":"sh603936","name":"博敏电子","message":"减仓 3700股 @15.554 盈亏4.93% (强盈利锁定(5.10%))"}
