{"orderId":"ORD_1774332760312_asmett","symbol":"sz001258","name":"立新能源","side":"BUY","price":11.15,"executedPrice":11.161150000000001,"quantity":179300,"amount":2001194.1950000003,"fee":600.3582585,"status":"FILLED","reason":"策略信号(综合70.4分)","ts":"2026-03-24T06:12:40.312Z","bjTime":"2026-03-24 14:12:40"}
{"orderId":"ORD_1774332760313_gqguot","symbol":"sz000815","name":"美利云","side":"BUY","price":20.6,"executedPrice":20.620600000000003,"quantity":97000,"amount":2000198.2000000004,"fee":600.0594600000001,"status":"FILLED","reason":"策略信号(综合65.2分)","ts":"2026-03-24T06:12:40.313Z","bjTime":"2026-03-24 14:12:40"}
{"orderId":"ORD_1774333906069_nnqt83","symbol":"sh603105","name":"芯能科技","side":"BUY","price":13.39,"executedPrice":13.40339,"quantity":149300,"amount":2001126.127,"fee":600.3378381,"status":"FILLED","reason":"策略信号(综合71.2分)","ts":"2026-03-24T06:31:46.069Z","bjTime":"2026-03-24 14:31:46"}
{"orderId":"ORD_1774406500828_7ysat2","symbol":"sz000815","name":"美利云","side":"SELL","price":21.12,"executedPrice":21.09888,"quantity":97000,"amount":2046591.36,"fee":613.977408,"status":"FILLED","reason":"手动卖出","ts":"2026-03-25T02:41:40.828Z","bjTime":"2026-03-25 10:41:40"}
{"orderId":"ORD_1774418350415_d55e41","symbol":"sz001258","name":"立新能源","side":"SELL","price":11.89,"executedPrice":11.878110000000001,"quantity":179300,"amount":2129745.123,"fee":638.9235368999999,"status":"FILLED","reason":"手动卖出","ts":"2026-03-25T05:59:10.415Z","bjTime":"2026-03-25 13:59:10"}
{"orderId":"ORD_1774419638622_mi6j20","symbol":"sz000767","name":"晋控电力","side":"BUY","price":4.18,"executedPrice":4.18418,"quantity":119600,"amount":500427.92799999996,"fee":150.12837839999997,"status":"FILLED","reason":"策略信号(综合76.2分,市场BEAR)","ts":"2026-03-25T06:20:38.622Z","bjTime":"2026-03-25 14:20:38"}
{"orderId":"ORD_1774420573635_pei0j2","symbol":"sh600539","name":"狮头股份","side":"BUY","price":12.84,"executedPrice":12.85284,"quantity":38900,"amount":499975.476,"fee":149.9926428,"status":"FILLED","reason":"策略信号(综合71.2分,市场BEAR)","ts":"2026-03-25T06:36:13.635Z","bjTime":"2026-03-25 14:36:13"}
{"orderId":"ORD_1774421114766_4ev4oh","symbol":"sh603105","name":"芯能科技","side":"SELL","price":13.75,"executedPrice":13.73625,"quantity":149300,"amount":2050822.125,"fee":615.2466374999999,"status":"FILLED","reason":"手动卖出","ts":"2026-03-25T06:45:14.766Z","bjTime":"2026-03-25 14:45:14"}
{"orderId":"ORD_1774488782929_deq2fu","symbol":"sh603538","name":"美诺华","side":"BUY","price":35.3,"executedPrice":35.3353,"quantity":14100,"amount":498227.7299999999,"fee":149.46831899999995,"status":"FILLED","reason":"策略信号(综合68.8分,市场BEAR)","ts":"2026-03-26T01:33:02.929Z","bjTime":"2026-03-26 09:33:02"}
{"orderId":"ORD_1774488854337_r3nupt","symbol":"sz000722","name":"湖南发展","side":"BUY","price":18.05,"executedPrice":18.06805,"quantity":41500,"amount":749824.075,"fee":224.94722249999995,"status":"FILLED","reason":"策略信号(综合81.6分,市场BEAR)","ts":"2026-03-26T01:34:14.337Z","bjTime":"2026-03-26 09:34:14"}
{"orderId":"ORD_1774489450693_g0qa2v","symbol":"sz000993","name":"闽东电力","side":"BUY","price":16.99,"executedPrice":17.00699,"quantity":29400,"amount":500005.50599999994,"fee":150.00165179999996,"status":"FILLED","reason":"策略信号(综合79.0分,市场BEAR)","ts":"2026-03-26T01:44:10.693Z","bjTime":"2026-03-26 09:44:10"}
{"orderId":"ORD_1774575598813_logb6o","symbol":"sz000767","name":"晋控电力","side":"SELL","price":5.09,"executedPrice":5.08491,"quantity":119600,"amount":608155.236,"fee":182.4465708,"status":"FILLED","reason":"止盈21.65%(无当日数据)","ts":"2026-03-27T01:39:58.813Z","bjTime":"2026-03-27 09:39:58"}
{"orderId":"ORD_1774575598816_h14w6u","symbol":"sz000993","name":"闽东电力","side":"SELL","price":15.76,"executedPrice":15.74424,"quantity":29400,"amount":462880.65599999996,"fee":138.86419679999997,"status":"FILLED","reason":"止损-7.33%","ts":"2026-03-27T01:39:58.816Z","bjTime":"2026-03-27 09:39:58"}
{"orderId":"ORD_1774575598817_akgp2d","symbol":"sz000037","name":"深南电A","side":"BUY","price":12.95,"executedPrice":12.96295,"quantity":57900,"amount":750554.8049999999,"fee":225.16644149999996,"status":"FILLED","reason":"策略信号(综合82.6分,市场BEAR)","ts":"2026-03-27T01:39:58.817Z","bjTime":"2026-03-27 09:39:58"}
{"orderId":"ORD_1774575598818_onbgqp","symbol":"sh600666","name":"奥瑞德","side":"BUY","price":5.9,"executedPrice":5.9059,"quantity":127100,"amount":750639.89,"fee":225.19196699999998,"status":"FILLED","reason":"策略信号(综合80.8分,市场BEAR)","ts":"2026-03-27T01:39:58.818Z","bjTime":"2026-03-27 09:39:58"}
{"orderId":"ORD_1774579965536_o7pggs","symbol":"sz000722","name":"湖南发展","side":"SELL","price":17.13,"executedPrice":17.112869999999997,"quantity":41500,"amount":710184.1049999999,"fee":213.05523149999993,"status":"FILLED","reason":"止损-5.19%","ts":"2026-03-27T02:52:45.536Z","bjTime":"2026-03-27 10:52:45"}
{"orderId":"ORD_1774579965541_ncyb9m","symbol":"sz001367","name":"海森药业","side":"BUY","price":25.63,"executedPrice":25.65563,"quantity":29200,"amount":749144.396,"fee":224.74331879999997,"status":"FILLED","reason":"策略信号(综合82.4分,市场BEAR)","ts":"2026-03-27T02:52:45.541Z","bjTime":"2026-03-27 10:52:45"}
{"orderId":"ORD_1774834270031_ncd6ff","symbol":"sh600539","name":"狮头股份","side":"SELL","price":15.47,"executedPrice":15.45453,"quantity":38900,"amount":601181.217,"fee":180.35436509999997,"status":"FILLED","reason":"止盈20.36%(无当日数据)","ts":"2026-03-30T01:31:10.031Z","bjTime":"2026-03-30 09:31:10"}
{"orderId":"ORD_1774834270034_i5dm6d","symbol":"sh603538","name":"美诺华","side":"SELL","price":43.1,"executedPrice":43.0569,"quantity":14100,"amount":607102.29,"fee":182.130687,"status":"FILLED","reason":"止盈21.97%(无当日数据)","ts":"2026-03-30T01:31:10.035Z","bjTime":"2026-03-30 09:31:10"}
{"orderId":"ORD_1774834270036_grvnru","symbol":"sz000037","name":"深南电A","side":"SELL","price":12.02,"executedPrice":12.00798,"quantity":57900,"amount":695262.042,"fee":208.57861259999999,"status":"FILLED","reason":"止损-7.27%","ts":"2026-03-30T01:31:10.036Z","bjTime":"2026-03-30 09:31:10"}
{"orderId":"ORD_1774834409198_456b3s","symbol":"sz000720","name":"新能泰山","side":"BUY","price":5.79,"executedPrice":5.79579,"quantity":86300,"amount":500176.677,"fee":150.05300309999998,"status":"FILLED","reason":"策略信号(综合71.2分,市场BEAR)","ts":"2026-03-30T01:33:29.198Z","bjTime":"2026-03-30 09:33:29"}
{"orderId":"ORD_1774834687501_lo15h0","symbol":"sh600666","name":"奥瑞德","side":"SELL","price":5.59,"executedPrice":5.58441,"quantity":127100,"amount":709778.511,"fee":212.9335533,"status":"FILLED","reason":"止损-5.35%","ts":"2026-03-30T01:38:07.501Z","bjTime":"2026-03-30 09:38:07"}
{"orderId":"ORD_1774837115222_f3apnq","symbol":"sh600844","name":"金煤科技","side":"BUY","price":5.43,"executedPrice":5.435429999999999,"quantity":92000,"amount":500059.55999999994,"fee":150.01786799999996,"status":"FILLED","reason":"策略信号(综合71.6分,市场BEAR)","ts":"2026-03-30T02:18:35.222Z","bjTime":"2026-03-30 10:18:35"}
{"orderId":"ORD_1774837947583_b96tbt","symbol":"sh600539","name":"狮头股份","side":"BUY","price":15.5,"executedPrice":15.5155,"quantity":64500,"amount":1000749.75,"fee":300.224925,"status":"FILLED","reason":"策略信号(综合88.6分,市场BEAR)","ts":"2026-03-30T02:32:27.583Z","bjTime":"2026-03-30 10:32:27"}
{"orderId":"ORD_1774840016774_qsi7vi","symbol":"sh600666","name":"奥瑞德","side":"BUY","price":6.34,"executedPrice":6.34634,"quantity":78800,"amount":500091.59199999995,"fee":150.02747759999997,"status":"FILLED","reason":"策略信号(综合76.2分,市场BEAR)","ts":"2026-03-30T03:06:56.774Z","bjTime":"2026-03-30 11:06:56"}
